current directory: /home/mi/michaelraba.github.io/vendor/ruby/3.0.0/gems/http_parser.rb-0.8.0/ext/ruby_http_parser
/usr/bin/ruby3.0 -I /usr/lib/ruby/vendor_ruby -r ./siteconf20251004-78951-f53xkc.rb extconf.rb
creating Makefile

current directory: /home/mi/michaelraba.github.io/vendor/ruby/3.0.0/gems/http_parser.rb-0.8.0/ext/ruby_http_parser
make DESTDIR\= clean

current directory: /home/mi/michaelraba.github.io/vendor/ruby/3.0.0/gems/http_parser.rb-0.8.0/ext/ruby_http_parser
make DESTDIR\=
compiling ruby_http_parser.c
compiling ryah_http_parser.c
linking shared-object ruby_http_parser.so
/gnu/store/4y5m9lb8k3qkb1y9m02sw9w9a6hacd16-bash-minimal-5.1.8/bin/bash: warning: setlocale: LC_ALL: cannot change locale (en_US.UTF-8)
guile: warning: failed to install locale
ld: /lib/x86_64-linux-gnu/libm.so.6: unknown type [0x13] section `.relr.dyn'
ld: skipping incompatible /lib/x86_64-linux-gnu/libm.so.6 when searching for /lib/x86_64-linux-gnu/libm.so.6
ld: cannot find /lib/x86_64-linux-gnu/libm.so.6
ld: /lib/x86_64-linux-gnu/libm.so.6: unknown type [0x13] section `.relr.dyn'
ld: skipping incompatible /lib/x86_64-linux-gnu/libm.so.6 when searching for /lib/x86_64-linux-gnu/libm.so.6
ld: /lib/x86_64-linux-gnu/libmvec.so.1: unknown type [0x13] section `.relr.dyn'
ld: skipping incompatible /lib/x86_64-linux-gnu/libmvec.so.1 when searching for /lib/x86_64-linux-gnu/libmvec.so.1
ld: cannot find /lib/x86_64-linux-gnu/libmvec.so.1
ld: /lib/x86_64-linux-gnu/libmvec.so.1: unknown type [0x13] section `.relr.dyn'
ld: skipping incompatible /lib/x86_64-linux-gnu/libmvec.so.1 when searching for /lib/x86_64-linux-gnu/libmvec.so.1
collect2: error: ld returned 1 exit status
make: *** [Makefile:262: ruby_http_parser.so] Error 1

make failed, exit code 2
