current directory: /home/mi/michaelraba.github.io/vendor/ruby/3.0.0/gems/commonmarker-0.23.12/ext/commonmarker
/usr/bin/ruby3.0 -I /usr/lib/ruby/vendor_ruby -r ./siteconf20251004-78951-qjv0pw.rb extconf.rb
checking for whether -std=c99 is accepted as CFLAGS... *** extconf.rb failed ***
Could not create Makefile due to some reason, probably lack of necessary
libraries and/or headers.  Check the mkmf.log file for more details.  You may
need configuration options.

Provided configuration options:
	--with-opt-dir
	--without-opt-dir
	--with-opt-include
	--without-opt-include=${opt-dir}/include
	--with-opt-lib
	--without-opt-lib=${opt-dir}/lib
	--with-make-prog
	--without-make-prog
	--srcdir=.
	--curdir
	--ruby=/usr/bin/$(RUBY_BASE_NAME)3.0
/usr/lib/ruby/3.0.0/mkmf.rb:471:in `try_do': The compiler failed to generate an executable file. (RuntimeError)
You have to install development tools first.
	from /usr/lib/ruby/3.0.0/mkmf.rb:597:in `block in try_compile'
	from /usr/lib/ruby/3.0.0/mkmf.rb:544:in `with_werror'
	from /usr/lib/ruby/3.0.0/mkmf.rb:597:in `try_compile'
	from /usr/lib/ruby/3.0.0/mkmf.rb:661:in `try_cflags'
	from /usr/lib/ruby/3.0.0/mkmf.rb:667:in `block (2 levels) in append_cflags'
	from /usr/lib/ruby/3.0.0/mkmf.rb:971:in `block in checking_for'
	from /usr/lib/ruby/3.0.0/mkmf.rb:361:in `block (2 levels) in postpone'
	from /usr/lib/ruby/3.0.0/mkmf.rb:331:in `open'
	from /usr/lib/ruby/3.0.0/mkmf.rb:361:in `block in postpone'
	from /usr/lib/ruby/3.0.0/mkmf.rb:331:in `open'
	from /usr/lib/ruby/3.0.0/mkmf.rb:357:in `postpone'
	from /usr/lib/ruby/3.0.0/mkmf.rb:970:in `checking_for'
	from /usr/lib/ruby/3.0.0/mkmf.rb:666:in `block in append_cflags'
	from /usr/lib/ruby/3.0.0/mkmf.rb:665:in `each'
	from /usr/lib/ruby/3.0.0/mkmf.rb:665:in `append_cflags'
	from extconf.rb:5:in `<main>'

To see why this extension failed to compile, please check the mkmf.log which can be found here:

  /home/mi/michaelraba.github.io/vendor/ruby/3.0.0/extensions/x86_64-linux/3.0.0/commonmarker-0.23.12/mkmf.log

extconf failed, exit code 1
