current directory: /home/mi/michaelraba.github.io/vendor/ruby/3.0.0/gems/eventmachine-1.2.7/ext
/usr/bin/ruby3.0 -I /usr/lib/ruby/vendor_ruby -r ./siteconf20251004-78951-gynk0g.rb extconf.rb
*** extconf.rb failed ***
Could not create Makefile due to some reason, probably lack of necessary
libraries and/or headers.  Check the mkmf.log file for more details.  You may
need configuration options.

Provided configuration options:
	--with-opt-dir
	--without-opt-dir
	--with-opt-include
	--without-opt-include=${opt-dir}/include
	--with-opt-lib
	--without-opt-lib=${opt-dir}/lib
	--with-make-prog
	--without-make-prog
	--srcdir=.
	--curdir
	--ruby=/usr/bin/$(RUBY_BASE_NAME)3.0
	--with-ssl-dir
	--without-ssl-dir
	--with-ssl-include
	--without-ssl-include=${ssl-dir}/include
	--with-ssl-lib
	--without-ssl-lib=${ssl-dir}/lib
	--with-openssl-config
	--without-openssl-config
	--with-pkg-config
	--without-pkg-config
/usr/lib/ruby/3.0.0/mkmf.rb:471:in `try_do': The compiler failed to generate an executable file. (RuntimeError)
You have to install development tools first.
	from /usr/lib/ruby/3.0.0/mkmf.rb:564:in `try_link0'
	from /usr/lib/ruby/3.0.0/mkmf.rb:582:in `try_link'
	from /usr/lib/ruby/3.0.0/mkmf.rb:684:in `try_ldflags'
	from /usr/lib/ruby/3.0.0/mkmf.rb:1851:in `pkg_config'
	from extconf.rb:65:in `pkg_config_wrapper'
	from extconf.rb:92:in `<main>'

To see why this extension failed to compile, please check the mkmf.log which can be found here:

  /home/mi/michaelraba.github.io/vendor/ruby/3.0.0/extensions/x86_64-linux/3.0.0/eventmachine-1.2.7/mkmf.log

extconf failed, exit code 1
