This is pdfTeX, Version 3.141592653-2.6-1.40.24 (TeX Live 2022/Debian) (preloaded format=pdflatex 2023.5.31)  15 SEP 2025 14:28
entering extended mode
 restricted \write18 enabled.
 %&-line parsing enabled.
**impose.ltx
(./impose.ltx
LaTeX2e <2022-06-01> patch level 5
L3 programming layer <2022-07-15>
(/usr/share/texlive/texmf-dist/tex/latex/base/article.cls
Document Class: article 2021/10/04 v1.4n Standard LaTeX document class
(/usr/share/texlive/texmf-dist/tex/latex/base/size10.clo
File: size10.clo 2021/10/04 v1.4n Standard LaTeX file (size option)
)
\c@part=\count185
\c@section=\count186
\c@subsection=\count187
\c@subsubsection=\count188
\c@paragraph=\count189
\c@subparagraph=\count190
\c@figure=\count191
\c@table=\count192
\abovecaptionskip=\skip47
\belowcaptionskip=\skip48
\bibindent=\dimen138
)
(/usr/share/texlive/texmf-dist/tex/latex/pdfpages/pdfpages.sty
Package: pdfpages 2022/05/22 v0.5v Insert pages of external PDF documents (AM)

(/usr/share/texlive/texmf-dist/tex/latex/base/ifthen.sty
Package: ifthen 2022/04/13 v1.1d Standard LaTeX ifthen package (DPC)
)
(/usr/share/texlive/texmf-dist/tex/latex/tools/calc.sty
Package: calc 2017/05/25 v4.3 Infix arithmetic (KKT,FJ)
\calc@Acount=\count193
\calc@Bcount=\count194
\calc@Adimen=\dimen139
\calc@Bdimen=\dimen140
\calc@Askip=\skip49
\calc@Bskip=\skip50
LaTeX Info: Redefining \setlength on input line 80.
LaTeX Info: Redefining \addtolength on input line 81.
\calc@Ccount=\count195
\calc@Cskip=\skip51
)
(/usr/share/texlive/texmf-dist/tex/latex/eso-pic/eso-pic.sty
Package: eso-pic 2020/10/14 v3.0a eso-pic (RN)
\ESO@tempdima=\dimen141
\ESO@tempdimb=\dimen142

(/usr/share/texlive/texmf-dist/tex/latex/graphics/keyval.sty
Package: keyval 2022/05/29 v1.15 key=value parser (DPC)
\KV@toks@=\toks16
)
(/usr/share/texlive/texmf-dist/tex/latex/xcolor/xcolor.sty
Package: xcolor 2022/06/12 v2.14 LaTeX color extensions (UK)

(/usr/share/texlive/texmf-dist/tex/latex/graphics-cfg/color.cfg
File: color.cfg 2016/01/02 v1.6 sample color configuration
)
Package xcolor Info: Driver file: pdftex.def on input line 227.

(/usr/share/texlive/texmf-dist/tex/latex/graphics-def/pdftex.def
File: pdftex.def 2020/10/05 v1.2a Graphics/color driver for pdftex
)
(/usr/share/texlive/texmf-dist/tex/latex/graphics/mathcolor.ltx)
Package xcolor Info: Model `cmy' substituted by `cmy0' on input line 1353.
Package xcolor Info: Model `hsb' substituted by `rgb' on input line 1357.
Package xcolor Info: Model `RGB' extended on input line 1369.
Package xcolor Info: Model `HTML' substituted by `rgb' on input line 1371.
Package xcolor Info: Model `Hsb' substituted by `hsb' on input line 1372.
Package xcolor Info: Model `tHsb' substituted by `hsb' on input line 1373.
Package xcolor Info: Model `HSB' substituted by `hsb' on input line 1374.
Package xcolor Info: Model `Gray' substituted by `gray' on input line 1375.
Package xcolor Info: Model `wave' substituted by `hsb' on input line 1376.
))
(/usr/share/texlive/texmf-dist/tex/latex/graphics/graphicx.sty
Package: graphicx 2021/09/16 v1.2d Enhanced LaTeX Graphics (DPC,SPQR)

(/usr/share/texlive/texmf-dist/tex/latex/graphics/graphics.sty
Package: graphics 2022/03/10 v1.4e Standard LaTeX Graphics (DPC,SPQR)

(/usr/share/texlive/texmf-dist/tex/latex/graphics/trig.sty
Package: trig 2021/08/11 v1.11 sin cos tan (DPC)
)
(/usr/share/texlive/texmf-dist/tex/latex/graphics-cfg/graphics.cfg
File: graphics.cfg 2016/06/04 v1.11 sample graphics configuration
)
Package graphics Info: Driver file: pdftex.def on input line 107.
)
\Gin@req@height=\dimen143
\Gin@req@width=\dimen144
)
\AM@pagewidth=\dimen145
\AM@pageheight=\dimen146
\AM@fboxrule=\dimen147

(/usr/share/texlive/texmf-dist/tex/latex/pdfpages/pppdftex.def
File: pppdftex.def 2022/05/22 v0.5v Pdfpages driver for pdfTeX (AM)
)
\pdfpages@includegraphics@status=\count196
\AM@pagebox=\box51
\AM@global@opts=\toks17
\AM@pagecnt=\count197
\AM@toc@title=\toks18
\c@AM@survey=\count198
\AM@templatesizebox=\box52
)
(/usr/share/texlive/texmf-dist/tex/latex/l3backend/l3backend-pdftex.def
File: l3backend-pdftex.def 2022-07-01 L3 backend support: PDF output (pdfTeX)
\l__color_backend_stack_int=\count199
\l__pdf_internal_box=\box53
)
(./impose.aux)
\openout1 = `impose.aux'.

LaTeX Font Info:    Checking defaults for OML/cmm/m/it on input line 4.
LaTeX Font Info:    ... okay on input line 4.
LaTeX Font Info:    Checking defaults for OMS/cmsy/m/n on input line 4.
LaTeX Font Info:    ... okay on input line 4.
LaTeX Font Info:    Checking defaults for OT1/cmr/m/n on input line 4.
LaTeX Font Info:    ... okay on input line 4.
LaTeX Font Info:    Checking defaults for T1/cmr/m/n on input line 4.
LaTeX Font Info:    ... okay on input line 4.
LaTeX Font Info:    Checking defaults for TS1/cmr/m/n on input line 4.
LaTeX Font Info:    ... okay on input line 4.
LaTeX Font Info:    Checking defaults for OMX/cmex/m/n on input line 4.
LaTeX Font Info:    ... okay on input line 4.
LaTeX Font Info:    Checking defaults for U/cmr/m/n on input line 4.
LaTeX Font Info:    ... okay on input line 4.

(/usr/share/texlive/texmf-dist/tex/context/base/mkii/supp-pdf.mkii
[Loading MPS to PDF converter (version 2006.09.02).]
\scratchcounter=\count266
\scratchdimen=\dimen148
\scratchbox=\box54
\nofMPsegments=\count267
\nofMParguments=\count268
\everyMPshowfont=\toks19
\MPscratchCnt=\count269
\MPscratchDim=\dimen149
\MPnumerator=\count270
\makeMPintoPDFobject=\count271
\everyMPtoPDFconversion=\toks20
) (/usr/share/texlive/texmf-dist/tex/latex/epstopdf-pkg/epstopdf-base.sty
Package: epstopdf-base 2020-01-24 v2.11 Base part for package epstopdf
Package epstopdf-base Info: Redefining graphics rule for `.eps' on input line 4
85.

(/usr/share/texlive/texmf-dist/tex/latex/latexconfig/epstopdf-sys.cfg
File: epstopdf-sys.cfg 2010/07/13 v1.3 Configuration of (r)epstopdf for TeX Liv
e
))
(/usr/share/texlive/texmf-dist/tex/latex/pdflscape/pdflscape.sty
Package: pdflscape 2019/12/05 v0.12 Display of landscape pages in PDF (HO)

(/usr/share/texlive/texmf-dist/tex/generic/iftex/iftex.sty
Package: iftex 2022/02/03 v1.0f TeX engine tests
)
(/usr/share/texlive/texmf-dist/tex/latex/graphics/lscape.sty
Package: lscape 2020/05/28 v3.02 Landscape Pages (DPC)
)
Package pdflscape Info: Auto-detected driver: pdftex on input line 81.
)

pdfTeX warning: pdflatex (file ./merged_output_letter.pdf): PDF inclusion: foun
d PDF version <1.7>, but at most version <1.5> allowed
<merged_output_letter.pdf, id=1, 614.295pt x 794.97pt>
File: merged_output_letter.pdf Graphic file (type pdf)
<use merged_output_letter.pdf>
Package pdftex.def Info: merged_output_letter.pdf  used on input line 8.
(pdftex.def)             Requested size: 614.29349pt x 794.96806pt.


pdfTeX warning: pdflatex (file ./merged_output_letter.pdf): PDF inclusion: foun
d PDF version <1.7>, but at most version <1.5> allowed
File: merged_output_letter.pdf Graphic file (type pdf)
<use merged_output_letter.pdf>
Package pdftex.def Info: merged_output_letter.pdf  used on input line 8.
(pdftex.def)             Requested size: 614.29349pt x 794.96806pt.


pdfTeX warning: pdflatex (file ./merged_output_letter.pdf): PDF inclusion: foun
d PDF version <1.7>, but at most version <1.5> allowed


pdfTeX warning: pdflatex (file ./merged_output_letter.pdf): PDF inclusion: foun
d PDF version <1.7>, but at most version <1.5> allowed
<merged_output_letter.pdf, id=4, page=1, 614.295pt x 794.97pt>
File: merged_output_letter.pdf Graphic file (type pdf)
<use merged_output_letter.pdf, page 1>
Package pdftex.def Info: merged_output_letter.pdf , page1 used on input line 8.

(pdftex.def)             Requested size: 614.29349pt x 794.96806pt.
File: merged_output_letter.pdf Graphic file (type pdf)
<use merged_output_letter.pdf, page 1>
Package pdftex.def Info: merged_output_letter.pdf , page1 used on input line 8.

(pdftex.def)             Requested size: 307.32483pt x 397.7145pt.
File: merged_output_letter.pdf Graphic file (type pdf)
<use merged_output_letter.pdf, page 1>
Package pdftex.def Info: merged_output_letter.pdf , page1 used on input line 8.

(pdftex.def)             Requested size: 307.32483pt x 397.7145pt.
File: merged_output_letter.pdf Graphic file (type pdf)
<use merged_output_letter.pdf, page 1>
Package pdftex.def Info: merged_output_letter.pdf , page1 used on input line 8.

(pdftex.def)             Requested size: 307.32483pt x 397.7145pt.


pdfTeX warning: pdflatex (file ./merged_output_letter.pdf): PDF inclusion: foun
d PDF version <1.7>, but at most version <1.5> allowed
<merged_output_letter.pdf, id=5, page=16, 614.295pt x 794.97pt>
File: merged_output_letter.pdf Graphic file (type pdf)
<use merged_output_letter.pdf, page 16>
Package pdftex.def Info: merged_output_letter.pdf , page16 used on input line 8
.
(pdftex.def)             Requested size: 307.32483pt x 397.7145pt.
File: merged_output_letter.pdf Graphic file (type pdf)
<use merged_output_letter.pdf, page 16>
Package pdftex.def Info: merged_output_letter.pdf , page16 used on input line 8
.
(pdftex.def)             Requested size: 307.32483pt x 397.7145pt.
File: merged_output_letter.pdf Graphic file (type pdf)
<use merged_output_letter.pdf, page 1>
Package pdftex.def Info: merged_output_letter.pdf , page1 used on input line 8.

(pdftex.def)             Requested size: 307.32483pt x 397.7145pt.
File: merged_output_letter.pdf Graphic file (type pdf)
<use merged_output_letter.pdf, page 16>
Package pdftex.def Info: merged_output_letter.pdf , page16 used on input line 8
.
(pdftex.def)             Requested size: 307.32483pt x 397.7145pt.
[1

 <./merged_output_letter.pdf> <./merged_output_letter.pdf>]

pdfTeX warning: pdflatex (file ./merged_output_letter.pdf): PDF inclusion: foun
d PDF version <1.7>, but at most version <1.5> allowed
<merged_output_letter.pdf, id=150, page=2, 614.295pt x 794.97pt>
File: merged_output_letter.pdf Graphic file (type pdf)
<use merged_output_letter.pdf, page 2>
Package pdftex.def Info: merged_output_letter.pdf , page2 used on input line 8.

(pdftex.def)             Requested size: 307.32483pt x 397.7145pt.
File: merged_output_letter.pdf Graphic file (type pdf)
<use merged_output_letter.pdf, page 2>
Package pdftex.def Info: merged_output_letter.pdf , page2 used on input line 8.

(pdftex.def)             Requested size: 307.32483pt x 397.7145pt.


pdfTeX warning: pdflatex (file ./merged_output_letter.pdf): PDF inclusion: foun
d PDF version <1.7>, but at most version <1.5> allowed
<merged_output_letter.pdf, id=151, page=15, 614.295pt x 794.97pt>
File: merged_output_letter.pdf Graphic file (type pdf)
<use merged_output_letter.pdf, page 15>
Package pdftex.def Info: merged_output_letter.pdf , page15 used on input line 8
.
(pdftex.def)             Requested size: 307.32483pt x 397.7145pt.
File: merged_output_letter.pdf Graphic file (type pdf)
<use merged_output_letter.pdf, page 15>
Package pdftex.def Info: merged_output_letter.pdf , page15 used on input line 8
.
(pdftex.def)             Requested size: 307.32483pt x 397.7145pt.
File: merged_output_letter.pdf Graphic file (type pdf)
<use merged_output_letter.pdf, page 2>
Package pdftex.def Info: merged_output_letter.pdf , page2 used on input line 8.

(pdftex.def)             Requested size: 307.32483pt x 397.7145pt.
File: merged_output_letter.pdf Graphic file (type pdf)
<use merged_output_letter.pdf, page 15>
Package pdftex.def Info: merged_output_letter.pdf , page15 used on input line 8
.
(pdftex.def)             Requested size: 307.32483pt x 397.7145pt.
[2 <./merged_output_letter.pdf> <./merged_output_letter.pdf>]

pdfTeX warning: pdflatex (file ./merged_output_letter.pdf): PDF inclusion: foun
d PDF version <1.7>, but at most version <1.5> allowed
<merged_output_letter.pdf, id=282, page=3, 614.295pt x 794.97pt>
File: merged_output_letter.pdf Graphic file (type pdf)
<use merged_output_letter.pdf, page 3>
Package pdftex.def Info: merged_output_letter.pdf , page3 used on input line 8.

(pdftex.def)             Requested size: 307.32483pt x 397.7145pt.
File: merged_output_letter.pdf Graphic file (type pdf)
<use merged_output_letter.pdf, page 3>
Package pdftex.def Info: merged_output_letter.pdf , page3 used on input line 8.

(pdftex.def)             Requested size: 307.32483pt x 397.7145pt.


pdfTeX warning: pdflatex (file ./merged_output_letter.pdf): PDF inclusion: foun
d PDF version <1.7>, but at most version <1.5> allowed
<merged_output_letter.pdf, id=283, page=14, 614.295pt x 794.97pt>
File: merged_output_letter.pdf Graphic file (type pdf)
<use merged_output_letter.pdf, page 14>
Package pdftex.def Info: merged_output_letter.pdf , page14 used on input line 8
.
(pdftex.def)             Requested size: 307.32483pt x 397.7145pt.
File: merged_output_letter.pdf Graphic file (type pdf)
<use merged_output_letter.pdf, page 14>
Package pdftex.def Info: merged_output_letter.pdf , page14 used on input line 8
.
(pdftex.def)             Requested size: 307.32483pt x 397.7145pt.
File: merged_output_letter.pdf Graphic file (type pdf)
<use merged_output_letter.pdf, page 3>
Package pdftex.def Info: merged_output_letter.pdf , page3 used on input line 8.

(pdftex.def)             Requested size: 307.32483pt x 397.7145pt.
File: merged_output_letter.pdf Graphic file (type pdf)
<use merged_output_letter.pdf, page 14>
Package pdftex.def Info: merged_output_letter.pdf , page14 used on input line 8
.
(pdftex.def)             Requested size: 307.32483pt x 397.7145pt.
[3 <./merged_output_letter.pdf> <./merged_output_letter.pdf>]

pdfTeX warning: pdflatex (file ./merged_output_letter.pdf): PDF inclusion: foun
d PDF version <1.7>, but at most version <1.5> allowed
<merged_output_letter.pdf, id=381, page=4, 614.295pt x 794.97pt>
File: merged_output_letter.pdf Graphic file (type pdf)
<use merged_output_letter.pdf, page 4>
Package pdftex.def Info: merged_output_letter.pdf , page4 used on input line 8.

(pdftex.def)             Requested size: 307.32483pt x 397.7145pt.
File: merged_output_letter.pdf Graphic file (type pdf)
<use merged_output_letter.pdf, page 4>
Package pdftex.def Info: merged_output_letter.pdf , page4 used on input line 8.

(pdftex.def)             Requested size: 307.32483pt x 397.7145pt.


pdfTeX warning: pdflatex (file ./merged_output_letter.pdf): PDF inclusion: foun
d PDF version <1.7>, but at most version <1.5> allowed
<merged_output_letter.pdf, id=382, page=13, 614.295pt x 794.97pt>
File: merged_output_letter.pdf Graphic file (type pdf)
<use merged_output_letter.pdf, page 13>
Package pdftex.def Info: merged_output_letter.pdf , page13 used on input line 8
.
(pdftex.def)             Requested size: 307.32483pt x 397.7145pt.
File: merged_output_letter.pdf Graphic file (type pdf)
<use merged_output_letter.pdf, page 13>
Package pdftex.def Info: merged_output_letter.pdf , page13 used on input line 8
.
(pdftex.def)             Requested size: 307.32483pt x 397.7145pt.
File: merged_output_letter.pdf Graphic file (type pdf)
<use merged_output_letter.pdf, page 4>
Package pdftex.def Info: merged_output_letter.pdf , page4 used on input line 8.

(pdftex.def)             Requested size: 307.32483pt x 397.7145pt.
File: merged_output_letter.pdf Graphic file (type pdf)
<use merged_output_letter.pdf, page 13>
Package pdftex.def Info: merged_output_letter.pdf , page13 used on input line 8
.
(pdftex.def)             Requested size: 307.32483pt x 397.7145pt.
[4 <./merged_output_letter.pdf> <./merged_output_letter.pdf>]

pdfTeX warning: pdflatex (file ./merged_output_letter.pdf): PDF inclusion: foun
d PDF version <1.7>, but at most version <1.5> allowed
<merged_output_letter.pdf, id=455, page=5, 614.295pt x 794.97pt>
File: merged_output_letter.pdf Graphic file (type pdf)
<use merged_output_letter.pdf, page 5>
Package pdftex.def Info: merged_output_letter.pdf , page5 used on input line 8.

(pdftex.def)             Requested size: 307.32483pt x 397.7145pt.
File: merged_output_letter.pdf Graphic file (type pdf)
<use merged_output_letter.pdf, page 5>
Package pdftex.def Info: merged_output_letter.pdf , page5 used on input line 8.

(pdftex.def)             Requested size: 307.32483pt x 397.7145pt.


pdfTeX warning: pdflatex (file ./merged_output_letter.pdf): PDF inclusion: foun
d PDF version <1.7>, but at most version <1.5> allowed
<merged_output_letter.pdf, id=456, page=12, 614.295pt x 794.97pt>
File: merged_output_letter.pdf Graphic file (type pdf)
<use merged_output_letter.pdf, page 12>
Package pdftex.def Info: merged_output_letter.pdf , page12 used on input line 8
.
(pdftex.def)             Requested size: 307.32483pt x 397.7145pt.
File: merged_output_letter.pdf Graphic file (type pdf)
<use merged_output_letter.pdf, page 12>
Package pdftex.def Info: merged_output_letter.pdf , page12 used on input line 8
.
(pdftex.def)             Requested size: 307.32483pt x 397.7145pt.
File: merged_output_letter.pdf Graphic file (type pdf)
<use merged_output_letter.pdf, page 5>
Package pdftex.def Info: merged_output_letter.pdf , page5 used on input line 8.

(pdftex.def)             Requested size: 307.32483pt x 397.7145pt.
File: merged_output_letter.pdf Graphic file (type pdf)
<use merged_output_letter.pdf, page 12>
Package pdftex.def Info: merged_output_letter.pdf , page12 used on input line 8
.
(pdftex.def)             Requested size: 307.32483pt x 397.7145pt.
[5 <./merged_output_letter.pdf> <./merged_output_letter.pdf>]

pdfTeX warning: pdflatex (file ./merged_output_letter.pdf): PDF inclusion: foun
d PDF version <1.7>, but at most version <1.5> allowed
<merged_output_letter.pdf, id=561, page=6, 614.295pt x 794.97pt>
File: merged_output_letter.pdf Graphic file (type pdf)
<use merged_output_letter.pdf, page 6>
Package pdftex.def Info: merged_output_letter.pdf , page6 used on input line 8.

(pdftex.def)             Requested size: 307.32483pt x 397.7145pt.
File: merged_output_letter.pdf Graphic file (type pdf)
<use merged_output_letter.pdf, page 6>
Package pdftex.def Info: merged_output_letter.pdf , page6 used on input line 8.

(pdftex.def)             Requested size: 307.32483pt x 397.7145pt.


pdfTeX warning: pdflatex (file ./merged_output_letter.pdf): PDF inclusion: foun
d PDF version <1.7>, but at most version <1.5> allowed
<merged_output_letter.pdf, id=562, page=11, 614.295pt x 794.97pt>
File: merged_output_letter.pdf Graphic file (type pdf)
<use merged_output_letter.pdf, page 11>
Package pdftex.def Info: merged_output_letter.pdf , page11 used on input line 8
.
(pdftex.def)             Requested size: 307.32483pt x 397.7145pt.
File: merged_output_letter.pdf Graphic file (type pdf)
<use merged_output_letter.pdf, page 11>
Package pdftex.def Info: merged_output_letter.pdf , page11 used on input line 8
.
(pdftex.def)             Requested size: 307.32483pt x 397.7145pt.
File: merged_output_letter.pdf Graphic file (type pdf)
<use merged_output_letter.pdf, page 6>
Package pdftex.def Info: merged_output_letter.pdf , page6 used on input line 8.

(pdftex.def)             Requested size: 307.32483pt x 397.7145pt.
File: merged_output_letter.pdf Graphic file (type pdf)
<use merged_output_letter.pdf, page 11>
Package pdftex.def Info: merged_output_letter.pdf , page11 used on input line 8
.
(pdftex.def)             Requested size: 307.32483pt x 397.7145pt.
[6 <./merged_output_letter.pdf> <./merged_output_letter.pdf>]

pdfTeX warning: pdflatex (file ./merged_output_letter.pdf): PDF inclusion: foun
d PDF version <1.7>, but at most version <1.5> allowed
<merged_output_letter.pdf, id=699, page=7, 614.295pt x 794.97pt>
File: merged_output_letter.pdf Graphic file (type pdf)
<use merged_output_letter.pdf, page 7>
Package pdftex.def Info: merged_output_letter.pdf , page7 used on input line 8.

(pdftex.def)             Requested size: 307.32483pt x 397.7145pt.
File: merged_output_letter.pdf Graphic file (type pdf)
<use merged_output_letter.pdf, page 7>
Package pdftex.def Info: merged_output_letter.pdf , page7 used on input line 8.

(pdftex.def)             Requested size: 307.32483pt x 397.7145pt.


pdfTeX warning: pdflatex (file ./merged_output_letter.pdf): PDF inclusion: foun
d PDF version <1.7>, but at most version <1.5> allowed
<merged_output_letter.pdf, id=700, page=10, 614.295pt x 794.97pt>
File: merged_output_letter.pdf Graphic file (type pdf)
<use merged_output_letter.pdf, page 10>
Package pdftex.def Info: merged_output_letter.pdf , page10 used on input line 8
.
(pdftex.def)             Requested size: 307.32483pt x 397.7145pt.
File: merged_output_letter.pdf Graphic file (type pdf)
<use merged_output_letter.pdf, page 10>
Package pdftex.def Info: merged_output_letter.pdf , page10 used on input line 8
.
(pdftex.def)             Requested size: 307.32483pt x 397.7145pt.
File: merged_output_letter.pdf Graphic file (type pdf)
<use merged_output_letter.pdf, page 7>
Package pdftex.def Info: merged_output_letter.pdf , page7 used on input line 8.

(pdftex.def)             Requested size: 307.32483pt x 397.7145pt.
File: merged_output_letter.pdf Graphic file (type pdf)
<use merged_output_letter.pdf, page 10>
Package pdftex.def Info: merged_output_letter.pdf , page10 used on input line 8
.
(pdftex.def)             Requested size: 307.32483pt x 397.7145pt.
[7 <./merged_output_letter.pdf> <./merged_output_letter.pdf>]

pdfTeX warning: pdflatex (file ./merged_output_letter.pdf): PDF inclusion: foun
d PDF version <1.7>, but at most version <1.5> allowed
<merged_output_letter.pdf, id=847, page=8, 614.295pt x 794.97pt>
File: merged_output_letter.pdf Graphic file (type pdf)
<use merged_output_letter.pdf, page 8>
Package pdftex.def Info: merged_output_letter.pdf , page8 used on input line 8.

(pdftex.def)             Requested size: 307.32483pt x 397.7145pt.
File: merged_output_letter.pdf Graphic file (type pdf)
<use merged_output_letter.pdf, page 8>
Package pdftex.def Info: merged_output_letter.pdf , page8 used on input line 8.

(pdftex.def)             Requested size: 307.32483pt x 397.7145pt.


pdfTeX warning: pdflatex (file ./merged_output_letter.pdf): PDF inclusion: foun
d PDF version <1.7>, but at most version <1.5> allowed
<merged_output_letter.pdf, id=848, page=9, 614.295pt x 794.97pt>
File: merged_output_letter.pdf Graphic file (type pdf)
<use merged_output_letter.pdf, page 9>
Package pdftex.def Info: merged_output_letter.pdf , page9 used on input line 8.

(pdftex.def)             Requested size: 307.32483pt x 397.7145pt.
File: merged_output_letter.pdf Graphic file (type pdf)
<use merged_output_letter.pdf, page 9>
Package pdftex.def Info: merged_output_letter.pdf , page9 used on input line 8.

(pdftex.def)             Requested size: 307.32483pt x 397.7145pt.
File: merged_output_letter.pdf Graphic file (type pdf)
<use merged_output_letter.pdf, page 8>
Package pdftex.def Info: merged_output_letter.pdf , page8 used on input line 8.

(pdftex.def)             Requested size: 307.32483pt x 397.7145pt.
File: merged_output_letter.pdf Graphic file (type pdf)
<use merged_output_letter.pdf, page 9>
Package pdftex.def Info: merged_output_letter.pdf , page9 used on input line 8.

(pdftex.def)             Requested size: 307.32483pt x 397.7145pt.
[8 <./merged_output_letter.pdf> <./merged_output_letter.pdf>]

pdfTeX warning: pdflatex (file ./merged_output_letter.pdf): PDF inclusion: foun
d PDF version <1.7>, but at most version <1.5> allowed
<merged_output_letter.pdf, id=991, page=17, 614.295pt x 794.97pt>
File: merged_output_letter.pdf Graphic file (type pdf)
<use merged_output_letter.pdf, page 17>
Package pdftex.def Info: merged_output_letter.pdf , page17 used on input line 8
.
(pdftex.def)             Requested size: 307.32483pt x 397.7145pt.
File: merged_output_letter.pdf Graphic file (type pdf)
<use merged_output_letter.pdf, page 17>
Package pdftex.def Info: merged_output_letter.pdf , page17 used on input line 8
.
(pdftex.def)             Requested size: 307.32483pt x 397.7145pt.


pdfTeX warning: pdflatex (file ./merged_output_letter.pdf): PDF inclusion: foun
d PDF version <1.7>, but at most version <1.5> allowed
<merged_output_letter.pdf, id=992, page=32, 614.295pt x 794.97pt>
File: merged_output_letter.pdf Graphic file (type pdf)
<use merged_output_letter.pdf, page 32>
Package pdftex.def Info: merged_output_letter.pdf , page32 used on input line 8
.
(pdftex.def)             Requested size: 307.32483pt x 397.7145pt.
File: merged_output_letter.pdf Graphic file (type pdf)
<use merged_output_letter.pdf, page 32>
Package pdftex.def Info: merged_output_letter.pdf , page32 used on input line 8
.
(pdftex.def)             Requested size: 307.32483pt x 397.7145pt.
File: merged_output_letter.pdf Graphic file (type pdf)
<use merged_output_letter.pdf, page 17>
Package pdftex.def Info: merged_output_letter.pdf , page17 used on input line 8
.
(pdftex.def)             Requested size: 307.32483pt x 397.7145pt.
File: merged_output_letter.pdf Graphic file (type pdf)
<use merged_output_letter.pdf, page 32>
Package pdftex.def Info: merged_output_letter.pdf , page32 used on input line 8
.
(pdftex.def)             Requested size: 307.32483pt x 397.7145pt.
[9 <./merged_output_letter.pdf> <./merged_output_letter.pdf>]

pdfTeX warning: pdflatex (file ./merged_output_letter.pdf): PDF inclusion: foun
d PDF version <1.7>, but at most version <1.5> allowed
<merged_output_letter.pdf, id=1144, page=18, 614.295pt x 794.97pt>
File: merged_output_letter.pdf Graphic file (type pdf)
<use merged_output_letter.pdf, page 18>
Package pdftex.def Info: merged_output_letter.pdf , page18 used on input line 8
.
(pdftex.def)             Requested size: 307.32483pt x 397.7145pt.
File: merged_output_letter.pdf Graphic file (type pdf)
<use merged_output_letter.pdf, page 18>
Package pdftex.def Info: merged_output_letter.pdf , page18 used on input line 8
.
(pdftex.def)             Requested size: 307.32483pt x 397.7145pt.


pdfTeX warning: pdflatex (file ./merged_output_letter.pdf): PDF inclusion: foun
d PDF version <1.7>, but at most version <1.5> allowed
<merged_output_letter.pdf, id=1145, page=31, 614.295pt x 794.97pt>
File: merged_output_letter.pdf Graphic file (type pdf)
<use merged_output_letter.pdf, page 31>
Package pdftex.def Info: merged_output_letter.pdf , page31 used on input line 8
.
(pdftex.def)             Requested size: 307.32483pt x 397.7145pt.
File: merged_output_letter.pdf Graphic file (type pdf)
<use merged_output_letter.pdf, page 31>
Package pdftex.def Info: merged_output_letter.pdf , page31 used on input line 8
.
(pdftex.def)             Requested size: 307.32483pt x 397.7145pt.
File: merged_output_letter.pdf Graphic file (type pdf)
<use merged_output_letter.pdf, page 18>
Package pdftex.def Info: merged_output_letter.pdf , page18 used on input line 8
.
(pdftex.def)             Requested size: 307.32483pt x 397.7145pt.
File: merged_output_letter.pdf Graphic file (type pdf)
<use merged_output_letter.pdf, page 31>
Package pdftex.def Info: merged_output_letter.pdf , page31 used on input line 8
.
(pdftex.def)             Requested size: 307.32483pt x 397.7145pt.
[10 <./merged_output_letter.pdf> <./merged_output_letter.pdf>]

pdfTeX warning: pdflatex (file ./merged_output_letter.pdf): PDF inclusion: foun
d PDF version <1.7>, but at most version <1.5> allowed
<merged_output_letter.pdf, id=1371, page=19, 614.295pt x 794.97pt>
File: merged_output_letter.pdf Graphic file (type pdf)
<use merged_output_letter.pdf, page 19>
Package pdftex.def Info: merged_output_letter.pdf , page19 used on input line 8
.
(pdftex.def)             Requested size: 307.32483pt x 397.7145pt.
File: merged_output_letter.pdf Graphic file (type pdf)
<use merged_output_letter.pdf, page 19>
Package pdftex.def Info: merged_output_letter.pdf , page19 used on input line 8
.
(pdftex.def)             Requested size: 307.32483pt x 397.7145pt.


pdfTeX warning: pdflatex (file ./merged_output_letter.pdf): PDF inclusion: foun
d PDF version <1.7>, but at most version <1.5> allowed
<merged_output_letter.pdf, id=1372, page=30, 614.295pt x 794.97pt>
File: merged_output_letter.pdf Graphic file (type pdf)
<use merged_output_letter.pdf, page 30>
Package pdftex.def Info: merged_output_letter.pdf , page30 used on input line 8
.
(pdftex.def)             Requested size: 307.32483pt x 397.7145pt.
File: merged_output_letter.pdf Graphic file (type pdf)
<use merged_output_letter.pdf, page 30>
Package pdftex.def Info: merged_output_letter.pdf , page30 used on input line 8
.
(pdftex.def)             Requested size: 307.32483pt x 397.7145pt.
File: merged_output_letter.pdf Graphic file (type pdf)
<use merged_output_letter.pdf, page 19>
Package pdftex.def Info: merged_output_letter.pdf , page19 used on input line 8
.
(pdftex.def)             Requested size: 307.32483pt x 397.7145pt.
File: merged_output_letter.pdf Graphic file (type pdf)
<use merged_output_letter.pdf, page 30>
Package pdftex.def Info: merged_output_letter.pdf , page30 used on input line 8
.
(pdftex.def)             Requested size: 307.32483pt x 397.7145pt.
[11 <./merged_output_letter.pdf> <./merged_output_letter.pdf>]

pdfTeX warning: pdflatex (file ./merged_output_letter.pdf): PDF inclusion: foun
d PDF version <1.7>, but at most version <1.5> allowed
<merged_output_letter.pdf, id=1461, page=20, 614.295pt x 794.97pt>
File: merged_output_letter.pdf Graphic file (type pdf)
<use merged_output_letter.pdf, page 20>
Package pdftex.def Info: merged_output_letter.pdf , page20 used on input line 8
.
(pdftex.def)             Requested size: 307.32483pt x 397.7145pt.
File: merged_output_letter.pdf Graphic file (type pdf)
<use merged_output_letter.pdf, page 20>
Package pdftex.def Info: merged_output_letter.pdf , page20 used on input line 8
.
(pdftex.def)             Requested size: 307.32483pt x 397.7145pt.


pdfTeX warning: pdflatex (file ./merged_output_letter.pdf): PDF inclusion: foun
d PDF version <1.7>, but at most version <1.5> allowed
<merged_output_letter.pdf, id=1462, page=29, 614.295pt x 794.97pt>
File: merged_output_letter.pdf Graphic file (type pdf)
<use merged_output_letter.pdf, page 29>
Package pdftex.def Info: merged_output_letter.pdf , page29 used on input line 8
.
(pdftex.def)             Requested size: 307.32483pt x 397.7145pt.
File: merged_output_letter.pdf Graphic file (type pdf)
<use merged_output_letter.pdf, page 29>
Package pdftex.def Info: merged_output_letter.pdf , page29 used on input line 8
.
(pdftex.def)             Requested size: 307.32483pt x 397.7145pt.
File: merged_output_letter.pdf Graphic file (type pdf)
<use merged_output_letter.pdf, page 20>
Package pdftex.def Info: merged_output_letter.pdf , page20 used on input line 8
.
(pdftex.def)             Requested size: 307.32483pt x 397.7145pt.
File: merged_output_letter.pdf Graphic file (type pdf)
<use merged_output_letter.pdf, page 29>
Package pdftex.def Info: merged_output_letter.pdf , page29 used on input line 8
.
(pdftex.def)             Requested size: 307.32483pt x 397.7145pt.
[12 <./merged_output_letter.pdf> <./merged_output_letter.pdf>]

pdfTeX warning: pdflatex (file ./merged_output_letter.pdf): PDF inclusion: foun
d PDF version <1.7>, but at most version <1.5> allowed
<merged_output_letter.pdf, id=1580, page=21, 614.295pt x 794.97pt>
File: merged_output_letter.pdf Graphic file (type pdf)
<use merged_output_letter.pdf, page 21>
Package pdftex.def Info: merged_output_letter.pdf , page21 used on input line 8
.
(pdftex.def)             Requested size: 307.32483pt x 397.7145pt.
File: merged_output_letter.pdf Graphic file (type pdf)
<use merged_output_letter.pdf, page 21>
Package pdftex.def Info: merged_output_letter.pdf , page21 used on input line 8
.
(pdftex.def)             Requested size: 307.32483pt x 397.7145pt.


pdfTeX warning: pdflatex (file ./merged_output_letter.pdf): PDF inclusion: foun
d PDF version <1.7>, but at most version <1.5> allowed
<merged_output_letter.pdf, id=1581, page=28, 614.295pt x 794.97pt>
File: merged_output_letter.pdf Graphic file (type pdf)
<use merged_output_letter.pdf, page 28>
Package pdftex.def Info: merged_output_letter.pdf , page28 used on input line 8
.
(pdftex.def)             Requested size: 307.32483pt x 397.7145pt.
File: merged_output_letter.pdf Graphic file (type pdf)
<use merged_output_letter.pdf, page 28>
Package pdftex.def Info: merged_output_letter.pdf , page28 used on input line 8
.
(pdftex.def)             Requested size: 307.32483pt x 397.7145pt.
File: merged_output_letter.pdf Graphic file (type pdf)
<use merged_output_letter.pdf, page 21>
Package pdftex.def Info: merged_output_letter.pdf , page21 used on input line 8
.
(pdftex.def)             Requested size: 307.32483pt x 397.7145pt.
File: merged_output_letter.pdf Graphic file (type pdf)
<use merged_output_letter.pdf, page 28>
Package pdftex.def Info: merged_output_letter.pdf , page28 used on input line 8
.
(pdftex.def)             Requested size: 307.32483pt x 397.7145pt.
[13 <./merged_output_letter.pdf> <./merged_output_letter.pdf>]

pdfTeX warning: pdflatex (file ./merged_output_letter.pdf): PDF inclusion: foun
d PDF version <1.7>, but at most version <1.5> allowed
<merged_output_letter.pdf, id=1820, page=22, 614.295pt x 794.97pt>
File: merged_output_letter.pdf Graphic file (type pdf)
<use merged_output_letter.pdf, page 22>
Package pdftex.def Info: merged_output_letter.pdf , page22 used on input line 8
.
(pdftex.def)             Requested size: 307.32483pt x 397.7145pt.
File: merged_output_letter.pdf Graphic file (type pdf)
<use merged_output_letter.pdf, page 22>
Package pdftex.def Info: merged_output_letter.pdf , page22 used on input line 8
.
(pdftex.def)             Requested size: 307.32483pt x 397.7145pt.


pdfTeX warning: pdflatex (file ./merged_output_letter.pdf): PDF inclusion: foun
d PDF version <1.7>, but at most version <1.5> allowed
<merged_output_letter.pdf, id=1821, page=27, 614.295pt x 794.97pt>
File: merged_output_letter.pdf Graphic file (type pdf)
<use merged_output_letter.pdf, page 27>
Package pdftex.def Info: merged_output_letter.pdf , page27 used on input line 8
.
(pdftex.def)             Requested size: 307.32483pt x 397.7145pt.
File: merged_output_letter.pdf Graphic file (type pdf)
<use merged_output_letter.pdf, page 27>
Package pdftex.def Info: merged_output_letter.pdf , page27 used on input line 8
.
(pdftex.def)             Requested size: 307.32483pt x 397.7145pt.
File: merged_output_letter.pdf Graphic file (type pdf)
<use merged_output_letter.pdf, page 22>
Package pdftex.def Info: merged_output_letter.pdf , page22 used on input line 8
.
(pdftex.def)             Requested size: 307.32483pt x 397.7145pt.
File: merged_output_letter.pdf Graphic file (type pdf)
<use merged_output_letter.pdf, page 27>
Package pdftex.def Info: merged_output_letter.pdf , page27 used on input line 8
.
(pdftex.def)             Requested size: 307.32483pt x 397.7145pt.
[14 <./merged_output_letter.pdf> <./merged_output_letter.pdf>]

pdfTeX warning: pdflatex (file ./merged_output_letter.pdf): PDF inclusion: foun
d PDF version <1.7>, but at most version <1.5> allowed
<merged_output_letter.pdf, id=2015, page=23, 614.295pt x 794.97pt>
File: merged_output_letter.pdf Graphic file (type pdf)
<use merged_output_letter.pdf, page 23>
Package pdftex.def Info: merged_output_letter.pdf , page23 used on input line 8
.
(pdftex.def)             Requested size: 307.32483pt x 397.7145pt.
File: merged_output_letter.pdf Graphic file (type pdf)
<use merged_output_letter.pdf, page 23>
Package pdftex.def Info: merged_output_letter.pdf , page23 used on input line 8
.
(pdftex.def)             Requested size: 307.32483pt x 397.7145pt.


pdfTeX warning: pdflatex (file ./merged_output_letter.pdf): PDF inclusion: foun
d PDF version <1.7>, but at most version <1.5> allowed
<merged_output_letter.pdf, id=2016, page=26, 614.295pt x 794.97pt>
File: merged_output_letter.pdf Graphic file (type pdf)
<use merged_output_letter.pdf, page 26>
Package pdftex.def Info: merged_output_letter.pdf , page26 used on input line 8
.
(pdftex.def)             Requested size: 307.32483pt x 397.7145pt.
File: merged_output_letter.pdf Graphic file (type pdf)
<use merged_output_letter.pdf, page 26>
Package pdftex.def Info: merged_output_letter.pdf , page26 used on input line 8
.
(pdftex.def)             Requested size: 307.32483pt x 397.7145pt.
File: merged_output_letter.pdf Graphic file (type pdf)
<use merged_output_letter.pdf, page 23>
Package pdftex.def Info: merged_output_letter.pdf , page23 used on input line 8
.
(pdftex.def)             Requested size: 307.32483pt x 397.7145pt.
File: merged_output_letter.pdf Graphic file (type pdf)
<use merged_output_letter.pdf, page 26>
Package pdftex.def Info: merged_output_letter.pdf , page26 used on input line 8
.
(pdftex.def)             Requested size: 307.32483pt x 397.7145pt.
[15 <./merged_output_letter.pdf> <./merged_output_letter.pdf>]

pdfTeX warning: pdflatex (file ./merged_output_letter.pdf): PDF inclusion: foun
d PDF version <1.7>, but at most version <1.5> allowed
<merged_output_letter.pdf, id=2226, page=24, 614.295pt x 794.97pt>
File: merged_output_letter.pdf Graphic file (type pdf)
<use merged_output_letter.pdf, page 24>
Package pdftex.def Info: merged_output_letter.pdf , page24 used on input line 8
.
(pdftex.def)             Requested size: 307.32483pt x 397.7145pt.
File: merged_output_letter.pdf Graphic file (type pdf)
<use merged_output_letter.pdf, page 24>
Package pdftex.def Info: merged_output_letter.pdf , page24 used on input line 8
.
(pdftex.def)             Requested size: 307.32483pt x 397.7145pt.


pdfTeX warning: pdflatex (file ./merged_output_letter.pdf): PDF inclusion: foun
d PDF version <1.7>, but at most version <1.5> allowed
<merged_output_letter.pdf, id=2227, page=25, 614.295pt x 794.97pt>
File: merged_output_letter.pdf Graphic file (type pdf)
<use merged_output_letter.pdf, page 25>
Package pdftex.def Info: merged_output_letter.pdf , page25 used on input line 8
.
(pdftex.def)             Requested size: 307.32483pt x 397.7145pt.
File: merged_output_letter.pdf Graphic file (type pdf)
<use merged_output_letter.pdf, page 25>
Package pdftex.def Info: merged_output_letter.pdf , page25 used on input line 8
.
(pdftex.def)             Requested size: 307.32483pt x 397.7145pt.
File: merged_output_letter.pdf Graphic file (type pdf)
<use merged_output_letter.pdf, page 24>
Package pdftex.def Info: merged_output_letter.pdf , page24 used on input line 8
.
(pdftex.def)             Requested size: 307.32483pt x 397.7145pt.
File: merged_output_letter.pdf Graphic file (type pdf)
<use merged_output_letter.pdf, page 25>
Package pdftex.def Info: merged_output_letter.pdf , page25 used on input line 8
.
(pdftex.def)             Requested size: 307.32483pt x 397.7145pt.
[16 <./merged_output_letter.pdf> <./merged_output_letter.pdf>]

pdfTeX warning: pdflatex (file ./merged_output_letter.pdf): PDF inclusion: foun
d PDF version <1.7>, but at most version <1.5> allowed
<merged_output_letter.pdf, id=2384, page=33, 614.295pt x 794.97pt>
File: merged_output_letter.pdf Graphic file (type pdf)
<use merged_output_letter.pdf, page 33>
Package pdftex.def Info: merged_output_letter.pdf , page33 used on input line 8
.
(pdftex.def)             Requested size: 307.32483pt x 397.7145pt.
File: merged_output_letter.pdf Graphic file (type pdf)
<use merged_output_letter.pdf, page 33>
Package pdftex.def Info: merged_output_letter.pdf , page33 used on input line 8
.
(pdftex.def)             Requested size: 307.32483pt x 397.7145pt.


pdfTeX warning: pdflatex (file ./merged_output_letter.pdf): PDF inclusion: foun
d PDF version <1.7>, but at most version <1.5> allowed
<merged_output_letter.pdf, id=2385, page=48, 614.295pt x 794.97pt>
File: merged_output_letter.pdf Graphic file (type pdf)
<use merged_output_letter.pdf, page 48>
Package pdftex.def Info: merged_output_letter.pdf , page48 used on input line 8
.
(pdftex.def)             Requested size: 307.32483pt x 397.7145pt.
File: merged_output_letter.pdf Graphic file (type pdf)
<use merged_output_letter.pdf, page 48>
Package pdftex.def Info: merged_output_letter.pdf , page48 used on input line 8
.
(pdftex.def)             Requested size: 307.32483pt x 397.7145pt.
File: merged_output_letter.pdf Graphic file (type pdf)
<use merged_output_letter.pdf, page 33>
Package pdftex.def Info: merged_output_letter.pdf , page33 used on input line 8
.
(pdftex.def)             Requested size: 307.32483pt x 397.7145pt.
File: merged_output_letter.pdf Graphic file (type pdf)
<use merged_output_letter.pdf, page 48>
Package pdftex.def Info: merged_output_letter.pdf , page48 used on input line 8
.
(pdftex.def)             Requested size: 307.32483pt x 397.7145pt.
[17 <./merged_output_letter.pdf> <./merged_output_letter.pdf>]

pdfTeX warning: pdflatex (file ./merged_output_letter.pdf): PDF inclusion: foun
d PDF version <1.7>, but at most version <1.5> allowed
<merged_output_letter.pdf, id=2513, page=34, 614.295pt x 794.97pt>
File: merged_output_letter.pdf Graphic file (type pdf)
<use merged_output_letter.pdf, page 34>
Package pdftex.def Info: merged_output_letter.pdf , page34 used on input line 8
.
(pdftex.def)             Requested size: 307.32483pt x 397.7145pt.
File: merged_output_letter.pdf Graphic file (type pdf)
<use merged_output_letter.pdf, page 34>
Package pdftex.def Info: merged_output_letter.pdf , page34 used on input line 8
.
(pdftex.def)             Requested size: 307.32483pt x 397.7145pt.


pdfTeX warning: pdflatex (file ./merged_output_letter.pdf): PDF inclusion: foun
d PDF version <1.7>, but at most version <1.5> allowed
<merged_output_letter.pdf, id=2514, page=47, 614.295pt x 794.97pt>
File: merged_output_letter.pdf Graphic file (type pdf)
<use merged_output_letter.pdf, page 47>
Package pdftex.def Info: merged_output_letter.pdf , page47 used on input line 8
.
(pdftex.def)             Requested size: 307.32483pt x 397.7145pt.
File: merged_output_letter.pdf Graphic file (type pdf)
<use merged_output_letter.pdf, page 47>
Package pdftex.def Info: merged_output_letter.pdf , page47 used on input line 8
.
(pdftex.def)             Requested size: 307.32483pt x 397.7145pt.
File: merged_output_letter.pdf Graphic file (type pdf)
<use merged_output_letter.pdf, page 34>
Package pdftex.def Info: merged_output_letter.pdf , page34 used on input line 8
.
(pdftex.def)             Requested size: 307.32483pt x 397.7145pt.
File: merged_output_letter.pdf Graphic file (type pdf)
<use merged_output_letter.pdf, page 47>
Package pdftex.def Info: merged_output_letter.pdf , page47 used on input line 8
.
(pdftex.def)             Requested size: 307.32483pt x 397.7145pt.
[18 <./merged_output_letter.pdf> <./merged_output_letter.pdf>]

pdfTeX warning: pdflatex (file ./merged_output_letter.pdf): PDF inclusion: foun
d PDF version <1.7>, but at most version <1.5> allowed
<merged_output_letter.pdf, id=2569, page=35, 614.295pt x 794.97pt>
File: merged_output_letter.pdf Graphic file (type pdf)
<use merged_output_letter.pdf, page 35>
Package pdftex.def Info: merged_output_letter.pdf , page35 used on input line 8
.
(pdftex.def)             Requested size: 307.32483pt x 397.7145pt.
File: merged_output_letter.pdf Graphic file (type pdf)
<use merged_output_letter.pdf, page 35>
Package pdftex.def Info: merged_output_letter.pdf , page35 used on input line 8
.
(pdftex.def)             Requested size: 307.32483pt x 397.7145pt.


pdfTeX warning: pdflatex (file ./merged_output_letter.pdf): PDF inclusion: foun
d PDF version <1.7>, but at most version <1.5> allowed
<merged_output_letter.pdf, id=2570, page=46, 614.295pt x 794.97pt>
File: merged_output_letter.pdf Graphic file (type pdf)
<use merged_output_letter.pdf, page 46>
Package pdftex.def Info: merged_output_letter.pdf , page46 used on input line 8
.
(pdftex.def)             Requested size: 307.32483pt x 397.7145pt.
File: merged_output_letter.pdf Graphic file (type pdf)
<use merged_output_letter.pdf, page 46>
Package pdftex.def Info: merged_output_letter.pdf , page46 used on input line 8
.
(pdftex.def)             Requested size: 307.32483pt x 397.7145pt.
File: merged_output_letter.pdf Graphic file (type pdf)
<use merged_output_letter.pdf, page 35>
Package pdftex.def Info: merged_output_letter.pdf , page35 used on input line 8
.
(pdftex.def)             Requested size: 307.32483pt x 397.7145pt.
File: merged_output_letter.pdf Graphic file (type pdf)
<use merged_output_letter.pdf, page 46>
Package pdftex.def Info: merged_output_letter.pdf , page46 used on input line 8
.
(pdftex.def)             Requested size: 307.32483pt x 397.7145pt.
[19 <./merged_output_letter.pdf> <./merged_output_letter.pdf>]

pdfTeX warning: pdflatex (file ./merged_output_letter.pdf): PDF inclusion: foun
d PDF version <1.7>, but at most version <1.5> allowed
<merged_output_letter.pdf, id=2695, page=36, 614.295pt x 794.97pt>
File: merged_output_letter.pdf Graphic file (type pdf)
<use merged_output_letter.pdf, page 36>
Package pdftex.def Info: merged_output_letter.pdf , page36 used on input line 8
.
(pdftex.def)             Requested size: 307.32483pt x 397.7145pt.
File: merged_output_letter.pdf Graphic file (type pdf)
<use merged_output_letter.pdf, page 36>
Package pdftex.def Info: merged_output_letter.pdf , page36 used on input line 8
.
(pdftex.def)             Requested size: 307.32483pt x 397.7145pt.


pdfTeX warning: pdflatex (file ./merged_output_letter.pdf): PDF inclusion: foun
d PDF version <1.7>, but at most version <1.5> allowed
<merged_output_letter.pdf, id=2696, page=45, 614.295pt x 794.97pt>
File: merged_output_letter.pdf Graphic file (type pdf)
<use merged_output_letter.pdf, page 45>
Package pdftex.def Info: merged_output_letter.pdf , page45 used on input line 8
.
(pdftex.def)             Requested size: 307.32483pt x 397.7145pt.
File: merged_output_letter.pdf Graphic file (type pdf)
<use merged_output_letter.pdf, page 45>
Package pdftex.def Info: merged_output_letter.pdf , page45 used on input line 8
.
(pdftex.def)             Requested size: 307.32483pt x 397.7145pt.
File: merged_output_letter.pdf Graphic file (type pdf)
<use merged_output_letter.pdf, page 36>
Package pdftex.def Info: merged_output_letter.pdf , page36 used on input line 8
.
(pdftex.def)             Requested size: 307.32483pt x 397.7145pt.
File: merged_output_letter.pdf Graphic file (type pdf)
<use merged_output_letter.pdf, page 45>
Package pdftex.def Info: merged_output_letter.pdf , page45 used on input line 8
.
(pdftex.def)             Requested size: 307.32483pt x 397.7145pt.
[20 <./merged_output_letter.pdf> <./merged_output_letter.pdf>]

pdfTeX warning: pdflatex (file ./merged_output_letter.pdf): PDF inclusion: foun
d PDF version <1.7>, but at most version <1.5> allowed
<merged_output_letter.pdf, id=2813, page=37, 614.295pt x 794.97pt>
File: merged_output_letter.pdf Graphic file (type pdf)
<use merged_output_letter.pdf, page 37>
Package pdftex.def Info: merged_output_letter.pdf , page37 used on input line 8
.
(pdftex.def)             Requested size: 307.32483pt x 397.7145pt.
File: merged_output_letter.pdf Graphic file (type pdf)
<use merged_output_letter.pdf, page 37>
Package pdftex.def Info: merged_output_letter.pdf , page37 used on input line 8
.
(pdftex.def)             Requested size: 307.32483pt x 397.7145pt.


pdfTeX warning: pdflatex (file ./merged_output_letter.pdf): PDF inclusion: foun
d PDF version <1.7>, but at most version <1.5> allowed
<merged_output_letter.pdf, id=2814, page=44, 614.295pt x 794.97pt>
File: merged_output_letter.pdf Graphic file (type pdf)
<use merged_output_letter.pdf, page 44>
Package pdftex.def Info: merged_output_letter.pdf , page44 used on input line 8
.
(pdftex.def)             Requested size: 307.32483pt x 397.7145pt.
File: merged_output_letter.pdf Graphic file (type pdf)
<use merged_output_letter.pdf, page 44>
Package pdftex.def Info: merged_output_letter.pdf , page44 used on input line 8
.
(pdftex.def)             Requested size: 307.32483pt x 397.7145pt.
File: merged_output_letter.pdf Graphic file (type pdf)
<use merged_output_letter.pdf, page 37>
Package pdftex.def Info: merged_output_letter.pdf , page37 used on input line 8
.
(pdftex.def)             Requested size: 307.32483pt x 397.7145pt.
File: merged_output_letter.pdf Graphic file (type pdf)
<use merged_output_letter.pdf, page 44>
Package pdftex.def Info: merged_output_letter.pdf , page44 used on input line 8
.
(pdftex.def)             Requested size: 307.32483pt x 397.7145pt.
[21 <./merged_output_letter.pdf> <./merged_output_letter.pdf>]

pdfTeX warning: pdflatex (file ./merged_output_letter.pdf): PDF inclusion: foun
d PDF version <1.7>, but at most version <1.5> allowed
<merged_output_letter.pdf, id=2913, page=38, 614.295pt x 794.97pt>
File: merged_output_letter.pdf Graphic file (type pdf)
<use merged_output_letter.pdf, page 38>
Package pdftex.def Info: merged_output_letter.pdf , page38 used on input line 8
.
(pdftex.def)             Requested size: 307.32483pt x 397.7145pt.
File: merged_output_letter.pdf Graphic file (type pdf)
<use merged_output_letter.pdf, page 38>
Package pdftex.def Info: merged_output_letter.pdf , page38 used on input line 8
.
(pdftex.def)             Requested size: 307.32483pt x 397.7145pt.


pdfTeX warning: pdflatex (file ./merged_output_letter.pdf): PDF inclusion: foun
d PDF version <1.7>, but at most version <1.5> allowed
<merged_output_letter.pdf, id=2914, page=43, 614.295pt x 794.97pt>
File: merged_output_letter.pdf Graphic file (type pdf)
<use merged_output_letter.pdf, page 43>
Package pdftex.def Info: merged_output_letter.pdf , page43 used on input line 8
.
(pdftex.def)             Requested size: 307.32483pt x 397.7145pt.
File: merged_output_letter.pdf Graphic file (type pdf)
<use merged_output_letter.pdf, page 43>
Package pdftex.def Info: merged_output_letter.pdf , page43 used on input line 8
.
(pdftex.def)             Requested size: 307.32483pt x 397.7145pt.
File: merged_output_letter.pdf Graphic file (type pdf)
<use merged_output_letter.pdf, page 38>
Package pdftex.def Info: merged_output_letter.pdf , page38 used on input line 8
.
(pdftex.def)             Requested size: 307.32483pt x 397.7145pt.
File: merged_output_letter.pdf Graphic file (type pdf)
<use merged_output_letter.pdf, page 43>
Package pdftex.def Info: merged_output_letter.pdf , page43 used on input line 8
.
(pdftex.def)             Requested size: 307.32483pt x 397.7145pt.
[22 <./merged_output_letter.pdf> <./merged_output_letter.pdf>]

pdfTeX warning: pdflatex (file ./merged_output_letter.pdf): PDF inclusion: foun
d PDF version <1.7>, but at most version <1.5> allowed
<merged_output_letter.pdf, id=3044, page=39, 614.295pt x 794.97pt>
File: merged_output_letter.pdf Graphic file (type pdf)
<use merged_output_letter.pdf, page 39>
Package pdftex.def Info: merged_output_letter.pdf , page39 used on input line 8
.
(pdftex.def)             Requested size: 307.32483pt x 397.7145pt.
File: merged_output_letter.pdf Graphic file (type pdf)
<use merged_output_letter.pdf, page 39>
Package pdftex.def Info: merged_output_letter.pdf , page39 used on input line 8
.
(pdftex.def)             Requested size: 307.32483pt x 397.7145pt.


pdfTeX warning: pdflatex (file ./merged_output_letter.pdf): PDF inclusion: foun
d PDF version <1.7>, but at most version <1.5> allowed
<merged_output_letter.pdf, id=3045, page=42, 614.295pt x 794.97pt>
File: merged_output_letter.pdf Graphic file (type pdf)
<use merged_output_letter.pdf, page 42>
Package pdftex.def Info: merged_output_letter.pdf , page42 used on input line 8
.
(pdftex.def)             Requested size: 307.32483pt x 397.7145pt.
File: merged_output_letter.pdf Graphic file (type pdf)
<use merged_output_letter.pdf, page 42>
Package pdftex.def Info: merged_output_letter.pdf , page42 used on input line 8
.
(pdftex.def)             Requested size: 307.32483pt x 397.7145pt.
File: merged_output_letter.pdf Graphic file (type pdf)
<use merged_output_letter.pdf, page 39>
Package pdftex.def Info: merged_output_letter.pdf , page39 used on input line 8
.
(pdftex.def)             Requested size: 307.32483pt x 397.7145pt.
File: merged_output_letter.pdf Graphic file (type pdf)
<use merged_output_letter.pdf, page 42>
Package pdftex.def Info: merged_output_letter.pdf , page42 used on input line 8
.
(pdftex.def)             Requested size: 307.32483pt x 397.7145pt.
[23 <./merged_output_letter.pdf> <./merged_output_letter.pdf>]

pdfTeX warning: pdflatex (file ./merged_output_letter.pdf): PDF inclusion: foun
d PDF version <1.7>, but at most version <1.5> allowed
<merged_output_letter.pdf, id=3216, page=40, 614.295pt x 794.97pt>
File: merged_output_letter.pdf Graphic file (type pdf)
<use merged_output_letter.pdf, page 40>
Package pdftex.def Info: merged_output_letter.pdf , page40 used on input line 8
.
(pdftex.def)             Requested size: 307.32483pt x 397.7145pt.
File: merged_output_letter.pdf Graphic file (type pdf)
<use merged_output_letter.pdf, page 40>
Package pdftex.def Info: merged_output_letter.pdf , page40 used on input line 8
.
(pdftex.def)             Requested size: 307.32483pt x 397.7145pt.


pdfTeX warning: pdflatex (file ./merged_output_letter.pdf): PDF inclusion: foun
d PDF version <1.7>, but at most version <1.5> allowed
<merged_output_letter.pdf, id=3217, page=41, 614.295pt x 794.97pt>
File: merged_output_letter.pdf Graphic file (type pdf)
<use merged_output_letter.pdf, page 41>
Package pdftex.def Info: merged_output_letter.pdf , page41 used on input line 8
.
(pdftex.def)             Requested size: 307.32483pt x 397.7145pt.
File: merged_output_letter.pdf Graphic file (type pdf)
<use merged_output_letter.pdf, page 41>
Package pdftex.def Info: merged_output_letter.pdf , page41 used on input line 8
.
(pdftex.def)             Requested size: 307.32483pt x 397.7145pt.
File: merged_output_letter.pdf Graphic file (type pdf)
<use merged_output_letter.pdf, page 40>
Package pdftex.def Info: merged_output_letter.pdf , page40 used on input line 8
.
(pdftex.def)             Requested size: 307.32483pt x 397.7145pt.
File: merged_output_letter.pdf Graphic file (type pdf)
<use merged_output_letter.pdf, page 41>
Package pdftex.def Info: merged_output_letter.pdf , page41 used on input line 8
.
(pdftex.def)             Requested size: 307.32483pt x 397.7145pt.
[24 <./merged_output_letter.pdf> <./merged_output_letter.pdf>]

pdfTeX warning: pdflatex (file ./merged_output_letter.pdf): PDF inclusion: foun
d PDF version <1.7>, but at most version <1.5> allowed
<merged_output_letter.pdf, id=3426, page=49, 614.295pt x 794.97pt>
File: merged_output_letter.pdf Graphic file (type pdf)
<use merged_output_letter.pdf, page 49>
Package pdftex.def Info: merged_output_letter.pdf , page49 used on input line 8
.
(pdftex.def)             Requested size: 307.32483pt x 397.7145pt.
File: merged_output_letter.pdf Graphic file (type pdf)
<use merged_output_letter.pdf, page 49>
Package pdftex.def Info: merged_output_letter.pdf , page49 used on input line 8
.
(pdftex.def)             Requested size: 307.32483pt x 397.7145pt.
File: merged_output_letter.pdf Graphic file (type pdf)
<use merged_output_letter.pdf, page 1>
Package pdftex.def Info: merged_output_letter.pdf , page1 used on input line 8.

(pdftex.def)             Requested size: 307.32483pt x 397.7145pt.
File: merged_output_letter.pdf Graphic file (type pdf)
<use merged_output_letter.pdf, page 1>
Package pdftex.def Info: merged_output_letter.pdf , page1 used on input line 8.

(pdftex.def)             Requested size: 307.32483pt x 397.7145pt.
File: merged_output_letter.pdf Graphic file (type pdf)
<use merged_output_letter.pdf, page 49>
Package pdftex.def Info: merged_output_letter.pdf , page49 used on input line 8
.
(pdftex.def)             Requested size: 307.32483pt x 397.7145pt.
[25 <./merged_output_letter.pdf>]

pdfTeX warning: pdflatex (file ./merged_output_letter.pdf): PDF inclusion: foun
d PDF version <1.7>, but at most version <1.5> allowed
<merged_output_letter.pdf, id=3453, page=50, 614.295pt x 794.97pt>
File: merged_output_letter.pdf Graphic file (type pdf)
<use merged_output_letter.pdf, page 50>
Package pdftex.def Info: merged_output_letter.pdf , page50 used on input line 8
.
(pdftex.def)             Requested size: 307.32483pt x 397.7145pt.
File: merged_output_letter.pdf Graphic file (type pdf)
<use merged_output_letter.pdf, page 50>
Package pdftex.def Info: merged_output_letter.pdf , page50 used on input line 8
.
(pdftex.def)             Requested size: 307.32483pt x 397.7145pt.
File: merged_output_letter.pdf Graphic file (type pdf)
<use merged_output_letter.pdf, page 1>
Package pdftex.def Info: merged_output_letter.pdf , page1 used on input line 8.

(pdftex.def)             Requested size: 307.32483pt x 397.7145pt.
File: merged_output_letter.pdf Graphic file (type pdf)
<use merged_output_letter.pdf, page 1>
Package pdftex.def Info: merged_output_letter.pdf , page1 used on input line 8.

(pdftex.def)             Requested size: 307.32483pt x 397.7145pt.
File: merged_output_letter.pdf Graphic file (type pdf)
<use merged_output_letter.pdf, page 50>
Package pdftex.def Info: merged_output_letter.pdf , page50 used on input line 8
.
(pdftex.def)             Requested size: 307.32483pt x 397.7145pt.
[26 <./merged_output_letter.pdf>]

pdfTeX warning: pdflatex (file ./merged_output_letter.pdf): PDF inclusion: foun
d PDF version <1.7>, but at most version <1.5> allowed
<merged_output_letter.pdf, id=3475, page=51, 614.295pt x 794.97pt>
File: merged_output_letter.pdf Graphic file (type pdf)
<use merged_output_letter.pdf, page 51>
Package pdftex.def Info: merged_output_letter.pdf , page51 used on input line 8
.
(pdftex.def)             Requested size: 307.32483pt x 397.7145pt.
File: merged_output_letter.pdf Graphic file (type pdf)
<use merged_output_letter.pdf, page 51>
Package pdftex.def Info: merged_output_letter.pdf , page51 used on input line 8
.
(pdftex.def)             Requested size: 307.32483pt x 397.7145pt.
File: merged_output_letter.pdf Graphic file (type pdf)
<use merged_output_letter.pdf, page 1>
Package pdftex.def Info: merged_output_letter.pdf , page1 used on input line 8.

(pdftex.def)             Requested size: 307.32483pt x 397.7145pt.
File: merged_output_letter.pdf Graphic file (type pdf)
<use merged_output_letter.pdf, page 1>
Package pdftex.def Info: merged_output_letter.pdf , page1 used on input line 8.

(pdftex.def)             Requested size: 307.32483pt x 397.7145pt.
File: merged_output_letter.pdf Graphic file (type pdf)
<use merged_output_letter.pdf, page 51>
Package pdftex.def Info: merged_output_letter.pdf , page51 used on input line 8
.
(pdftex.def)             Requested size: 307.32483pt x 397.7145pt.
[27 <./merged_output_letter.pdf>]

pdfTeX warning: pdflatex (file ./merged_output_letter.pdf): PDF inclusion: foun
d PDF version <1.7>, but at most version <1.5> allowed
<merged_output_letter.pdf, id=3499, page=52, 614.295pt x 794.97pt>
File: merged_output_letter.pdf Graphic file (type pdf)
<use merged_output_letter.pdf, page 52>
Package pdftex.def Info: merged_output_letter.pdf , page52 used on input line 8
.
(pdftex.def)             Requested size: 307.32483pt x 397.7145pt.
File: merged_output_letter.pdf Graphic file (type pdf)
<use merged_output_letter.pdf, page 52>
Package pdftex.def Info: merged_output_letter.pdf , page52 used on input line 8
.
(pdftex.def)             Requested size: 307.32483pt x 397.7145pt.
File: merged_output_letter.pdf Graphic file (type pdf)
<use merged_output_letter.pdf, page 1>
Package pdftex.def Info: merged_output_letter.pdf , page1 used on input line 8.

(pdftex.def)             Requested size: 307.32483pt x 397.7145pt.
File: merged_output_letter.pdf Graphic file (type pdf)
<use merged_output_letter.pdf, page 1>
Package pdftex.def Info: merged_output_letter.pdf , page1 used on input line 8.

(pdftex.def)             Requested size: 307.32483pt x 397.7145pt.
File: merged_output_letter.pdf Graphic file (type pdf)
<use merged_output_letter.pdf, page 52>
Package pdftex.def Info: merged_output_letter.pdf , page52 used on input line 8
.
(pdftex.def)             Requested size: 307.32483pt x 397.7145pt.
[28 <./merged_output_letter.pdf>]
File: merged_output_letter.pdf Graphic file (type pdf)
<use merged_output_letter.pdf, page 1>
Package pdftex.def Info: merged_output_letter.pdf , page1 used on input line 8.

(pdftex.def)             Requested size: 307.32483pt x 397.7145pt.
File: merged_output_letter.pdf Graphic file (type pdf)
<use merged_output_letter.pdf, page 1>
Package pdftex.def Info: merged_output_letter.pdf , page1 used on input line 8.

(pdftex.def)             Requested size: 307.32483pt x 397.7145pt.
File: merged_output_letter.pdf Graphic file (type pdf)
<use merged_output_letter.pdf, page 1>
Package pdftex.def Info: merged_output_letter.pdf , page1 used on input line 8.

(pdftex.def)             Requested size: 307.32483pt x 397.7145pt.
File: merged_output_letter.pdf Graphic file (type pdf)
<use merged_output_letter.pdf, page 1>
Package pdftex.def Info: merged_output_letter.pdf , page1 used on input line 8.

(pdftex.def)             Requested size: 307.32483pt x 397.7145pt.
 [29]
File: merged_output_letter.pdf Graphic file (type pdf)
<use merged_output_letter.pdf, page 1>
Package pdftex.def Info: merged_output_letter.pdf , page1 used on input line 8.

(pdftex.def)             Requested size: 307.32483pt x 397.7145pt.
File: merged_output_letter.pdf Graphic file (type pdf)
<use merged_output_letter.pdf, page 1>
Package pdftex.def Info: merged_output_letter.pdf , page1 used on input line 8.

(pdftex.def)             Requested size: 307.32483pt x 397.7145pt.
File: merged_output_letter.pdf Graphic file (type pdf)
<use merged_output_letter.pdf, page 1>
Package pdftex.def Info: merged_output_letter.pdf , page1 used on input line 8.

(pdftex.def)             Requested size: 307.32483pt x 397.7145pt.
File: merged_output_letter.pdf Graphic file (type pdf)
<use merged_output_letter.pdf, page 1>
Package pdftex.def Info: merged_output_letter.pdf , page1 used on input line 8.

(pdftex.def)             Requested size: 307.32483pt x 397.7145pt.
 [30]
File: merged_output_letter.pdf Graphic file (type pdf)
<use merged_output_letter.pdf, page 1>
Package pdftex.def Info: merged_output_letter.pdf , page1 used on input line 8.

(pdftex.def)             Requested size: 307.32483pt x 397.7145pt.
File: merged_output_letter.pdf Graphic file (type pdf)
<use merged_output_letter.pdf, page 1>
Package pdftex.def Info: merged_output_letter.pdf , page1 used on input line 8.

(pdftex.def)             Requested size: 307.32483pt x 397.7145pt.
File: merged_output_letter.pdf Graphic file (type pdf)
<use merged_output_letter.pdf, page 1>
Package pdftex.def Info: merged_output_letter.pdf , page1 used on input line 8.

(pdftex.def)             Requested size: 307.32483pt x 397.7145pt.
File: merged_output_letter.pdf Graphic file (type pdf)
<use merged_output_letter.pdf, page 1>
Package pdftex.def Info: merged_output_letter.pdf , page1 used on input line 8.

(pdftex.def)             Requested size: 307.32483pt x 397.7145pt.
 [31]
File: merged_output_letter.pdf Graphic file (type pdf)
<use merged_output_letter.pdf, page 1>
Package pdftex.def Info: merged_output_letter.pdf , page1 used on input line 8.

(pdftex.def)             Requested size: 307.32483pt x 397.7145pt.
File: merged_output_letter.pdf Graphic file (type pdf)
<use merged_output_letter.pdf, page 1>
Package pdftex.def Info: merged_output_letter.pdf , page1 used on input line 8.

(pdftex.def)             Requested size: 307.32483pt x 397.7145pt.
File: merged_output_letter.pdf Graphic file (type pdf)
<use merged_output_letter.pdf, page 1>
Package pdftex.def Info: merged_output_letter.pdf , page1 used on input line 8.

(pdftex.def)             Requested size: 307.32483pt x 397.7145pt.
File: merged_output_letter.pdf Graphic file (type pdf)
<use merged_output_letter.pdf, page 1>
Package pdftex.def Info: merged_output_letter.pdf , page1 used on input line 8.

(pdftex.def)             Requested size: 307.32483pt x 397.7145pt.
 [32] (./impose.aux) ) 
Here is how much of TeX's memory you used:
 2883 strings out of 478023
 50439 string characters out of 5841208
 345613 words of memory out of 5000000
 21344 multiletter control sequences out of 15000+600000
 469259 words of font info for 28 fonts, out of 8000000 for 9000
 1141 hyphenation exceptions out of 8191
 70i,19n,76p,223b,471s stack positions out of 10000i,1000n,20000p,200000b,200000s

Output written on impose.pdf (32 pages, 5405504 bytes).
PDF statistics:
 3543 PDF objects out of 3580 (max. 8388607)
 720 compressed objects within 8 object streams
 0 named destinations out of 1000 (max. 500000)
 276 words of extra memory for PDF output out of 10000 (max. 10000000)

